############################################################
# Multi-wave rollout + GatewaySets demo — Phase 2, milestone 3
#   1 gatewayctl + 3 region-labeled gatewayd nodes over gRPC
#   waves.yaml: canary -> eu -> us   gatewaysets.yaml: eu => tier gold
############################################################

=== (0) control plane up: compiled the repo (waves + gatewaysets) ===
[2026-08-01T18:16:05Z INFO  gatewayctl] gatewayctl compiled source dir:/tmp/tmp.s476Gd72xB/multiwave-repo -> render_hash=55b752fc24ee source_commit=dir-9c0b28b4447d7226 (1 gatewayset(s), 3 wave(s))
[2026-08-01T18:16:05Z INFO  gatewayctl] gatewayctl minted 7 join token(s) (4 labeled; ttl=300s); nodes present --join-token to bootstrap
    ^ N gatewayset(s) and 3 wave(s) loaded from the repo.

=== (b) GATEWAYSET STAMP: eu renders a DIFFERENT hash from the same repo ===
--- each node's first bound render_hash (eu carries tier: gold) ---
node-canary:
[2026-08-01T18:16:06Z INFO  gatewayd::client] [cp-client] node "node-canary" bound first snapshot fleet_version=v1 advertised_render_hash=55b752fc24ee bound_hash=55b752fc24ee -> local cfg=v1
node-eu    :
[2026-08-01T18:16:06Z INFO  gatewayd::client] [cp-client] node "node-eu" bound first snapshot fleet_version=v1 advertised_render_hash=5073cc08c374 bound_hash=5073cc08c374 -> local cfg=v1
node-us    :
[2026-08-01T18:16:06Z INFO  gatewayd::client] [cp-client] node "node-us" bound first snapshot fleet_version=v1 advertised_render_hash=55b752fc24ee bound_hash=55b752fc24ee -> local cfg=v1
    ^ node-eu's render_hash DIFFERS from canary/us: the eu-gold-tier
      GatewaySet stamped tier: gold onto it at RENDER time, from its
      region=eu label alone — one GatewaySet, no per-node file.

=== (a) ORDERED MULTI-WAVE ROLLOUT: canary -> eu -> us, each fully acked ===
--- gatewayctl log: the waves advance IN ORDER, each fully acked ---
[2026-08-01T18:16:06Z INFO  gatewayctl] [reload] trigger=sighup re-rendered -> render_hash=bd606cff84e0 source_commit=dir-8bb4a7905dd53d6c (1 gatewayset(s), 3 wave(s)); rolling out the wave plan
[2026-08-01T18:16:06Z INFO  gatewayctl::rollout] [rollout] trigger=sighup multi-wave rollout of commit=dir-8bb4a790 over 3 wave(s)
[2026-08-01T18:16:06Z INFO  gatewayctl::rollout] [rollout]   wave "canary" (trigger=sighup) pushing to 1 node(s): ["node-canary"]
[2026-08-01T18:16:06Z INFO  gatewayctl::rollout] [rollout]   wave "canary": COMMITTED across 1 node(s) -> commit dir-8bb4a790
[2026-08-01T18:16:06Z INFO  gatewayctl::rollout] [rollout]   wave "eu" (trigger=sighup) pushing to 1 node(s): ["node-eu"]
[2026-08-01T18:16:06Z INFO  gatewayctl::rollout] [rollout]   wave "eu": COMMITTED across 1 node(s) -> commit dir-8bb4a790
[2026-08-01T18:16:06Z INFO  gatewayctl::rollout] [rollout]   wave "us" (trigger=sighup) pushing to 1 node(s): ["node-us"]
[2026-08-01T18:16:06Z INFO  gatewayctl::rollout] [rollout]   wave "us": COMMITTED across 1 node(s) -> commit dir-8bb4a790
[2026-08-01T18:16:06Z INFO  gatewayctl::rollout] [rollout] trigger=sighup FULLY APPLIED: all waves ["canary", "eu", "us"] on dir-8bb4a790
[2026-08-01T18:16:07Z INFO  gatewayctl::reconcile] [reconcile] tick: in_sync=0 healed=3 break_glass=0 divergent=0 unknown=0 mid_rollout=0 pending_later_wave=0
[2026-08-01T18:16:09Z INFO  gatewayctl::reconcile] [reconcile] tick: in_sync=0 healed=3 break_glass=0 divergent=0 unknown=0 mid_rollout=0 pending_later_wave=0
    ^ wave 'canary' COMMITTED before 'eu' was pushed, 'eu' before 'us'.
      The per-wave committed state is surfaced (FULLY APPLIED).

=== (d) A NEWLY-JOINED eu node PICKS UP the stamp on its first render ===
--- node-eu-2 (region=eu) joined AFTER the GatewaySet was authored ---
node-eu-2:
[2026-08-01T18:16:10Z INFO  gatewayd::client] [cp-client] node "node-eu-2" bound first snapshot fleet_version=v1 advertised_render_hash=b083b11d017d bound_hash=b083b11d017d -> local cfg=v1
--- gatewayctl: the initial push to node-eu-2 carries the eu-stamped hash ---
[2026-08-01T18:16:10Z INFO  gatewayctl::server] [join] node "node-eu-2" joined (fresh); labels={"region": "eu"} current_fleet_version=v0
[2026-08-01T18:16:10Z INFO  gatewayctl::server] [join] pushed initial render_hash=b083b11d017d v=1 to "node-eu-2"
    ^ node-eu-2 got its region=eu STAMPED render on its first push — the
      eu-gold-tier GatewaySet stamped tier: gold from its label alone, no
      per-node file edited (docs/02). It renders a distinct hash from a
      canary/us node on the same commit (proven in (b) above).

=== (c) WAVE 2 HALTS (eu SILENT), WAVE 3 FROZEN, WAVE 1 STAYS ADVANCED ===
    node-eu is frozen (SIGSTOP): still connected, but it will not ACK.
    A new commit is rolled out. Wave 1 (canary) acks and advances; wave
    2 (eu) goes silent past the ~5s timeout and HALTS; wave 3 (us) is
    FROZEN on its prior commit and never pushed.
--- gatewayctl log: canary ADVANCED, eu HALTED, us FROZEN (surfaced) ---
[2026-08-01T18:16:13Z INFO  gatewayctl::reconcile] [reconcile] node "node-canary" is mid-rollout (a wave is in flight); deferring to the wave, NOT healing (docs/07: do not fight a legitimately mid-rollout node)
[2026-08-01T18:16:13Z INFO  gatewayctl::reconcile] [reconcile] node "node-eu" is mid-rollout (a wave is in flight); deferring to the wave, NOT healing (docs/07: do not fight a legitimately mid-rollout node)
[2026-08-01T18:16:13Z INFO  gatewayctl::reconcile] [reconcile] node "node-eu-2" is mid-rollout (a wave is in flight); deferring to the wave, NOT healing (docs/07: do not fight a legitimately mid-rollout node)
[2026-08-01T18:16:13Z INFO  gatewayctl::reconcile] [reconcile] node "node-us" is mid-rollout (a wave is in flight); deferring to the wave, NOT healing (docs/07: do not fight a legitimately mid-rollout node)
[2026-08-01T18:16:13Z INFO  gatewayctl::reconcile] [reconcile] tick: in_sync=0 healed=0 break_glass=0 divergent=0 unknown=0 mid_rollout=4 pending_later_wave=0
[2026-08-01T18:16:15Z INFO  gatewayctl::reconcile] [reconcile] node "node-canary" is mid-rollout (a wave is in flight); deferring to the wave, NOT healing (docs/07: do not fight a legitimately mid-rollout node)
[2026-08-01T18:16:15Z INFO  gatewayctl::reconcile] [reconcile] node "node-eu" is mid-rollout (a wave is in flight); deferring to the wave, NOT healing (docs/07: do not fight a legitimately mid-rollout node)
[2026-08-01T18:16:15Z INFO  gatewayctl::reconcile] [reconcile] node "node-eu-2" is mid-rollout (a wave is in flight); deferring to the wave, NOT healing (docs/07: do not fight a legitimately mid-rollout node)
[2026-08-01T18:16:15Z INFO  gatewayctl::reconcile] [reconcile] node "node-us" is mid-rollout (a wave is in flight); deferring to the wave, NOT healing (docs/07: do not fight a legitimately mid-rollout node)
[2026-08-01T18:16:15Z INFO  gatewayctl::reconcile] [reconcile] tick: in_sync=0 healed=0 break_glass=0 divergent=0 unknown=0 mid_rollout=4 pending_later_wave=0
[2026-08-01T18:16:17Z INFO  gatewayctl::reconcile] [reconcile] node "node-eu" is mid-rollout (a wave is in flight); deferring to the wave, NOT healing (docs/07: do not fight a legitimately mid-rollout node)
[2026-08-01T18:16:17Z INFO  gatewayctl::reconcile] [reconcile] node "node-eu-2" is mid-rollout (a wave is in flight); deferring to the wave, NOT healing (docs/07: do not fight a legitimately mid-rollout node)
[2026-08-01T18:16:17Z INFO  gatewayctl::reconcile] [reconcile] node "node-us" is mid-rollout (a wave is in flight); deferring to the wave, NOT healing (docs/07: do not fight a legitimately mid-rollout node)
[2026-08-01T18:16:17Z INFO  gatewayctl::reconcile] [reconcile] tick: in_sync=1 healed=0 break_glass=0 divergent=0 unknown=0 mid_rollout=3 pending_later_wave=0
[2026-08-01T18:16:19Z INFO  gatewayctl::reconcile] [reconcile] node "node-eu" is mid-rollout (a wave is in flight); deferring to the wave, NOT healing (docs/07: do not fight a legitimately mid-rollout node)
[2026-08-01T18:16:19Z INFO  gatewayctl::reconcile] [reconcile] node "node-eu-2" is mid-rollout (a wave is in flight); deferring to the wave, NOT healing (docs/07: do not fight a legitimately mid-rollout node)
[2026-08-01T18:16:19Z INFO  gatewayctl::reconcile] [reconcile] node "node-us" is mid-rollout (a wave is in flight); deferring to the wave, NOT healing (docs/07: do not fight a legitimately mid-rollout node)
[2026-08-01T18:16:19Z INFO  gatewayctl::reconcile] [reconcile] tick: in_sync=1 healed=0 break_glass=0 divergent=0 unknown=0 mid_rollout=3 pending_later_wave=0
    ^ the mixed per-wave committed state is NAMED and queryable:
      canary advanced to the new commit; eu halted; us frozen on the
      prior commit — never 'some on new, some on old, shrug' (docs/07).

############################################################
# Summary: a commit walked an ordered wave plan grouped by
#   failure domain (canary -> eu -> us), each wave fully
#   acked before the next; a GatewaySet stamped tier: gold
#   onto eu nodes so eu renders a distinct hash from ONE
#   selector; a silent wave-2 node HALTED wave 2 and FROZE
#   wave 3 while wave 1 stayed advanced, the mixed per-wave
#   state surfaced; and a newly-joined eu node picked up the
#   stamp on render. Waves are the substrate config canaries
#   (Phase 5) sit on; the analysis between waves is deferred.
############################################################
